// Jest Snapshot v1, https://goo.gl/fbAQLP

exports[`Label should render when valid forVal and text props are received 1`] = `ShallowWrapper {}`;
